digraph
{
    subgraph cluster
    {
        fillcolor = red
        style = filled
    }

    "node" [ fillcolor = red, style = filled ]
}
