<table bgcolor="red:blue" id="id" sides="RL" style="RADIAL, ROUNDED"></table>
