<td bgcolor="red:blue" id="id" sides="TB" style="RADIAL"></td>
