<table id="tableId"><tr><td id="cellId1"></td><td id="cellId2">cell2</td><td id="cell3"><font color="red" face="Arial" point-size="10"><b>cell3</b></font></td><td id="cell4"><font color="red" face="Arial" point-size="10"><b>cell4</b></font></td><td>cell5</td><td>cell6</td><td id="cell0">cell7</td><td id="cell1">cell8</td><td id="cell0"><font color="red" face="Arial" point-size="10"><b>cell9</b></font></td><td id="cell1"><font color="red" face="Arial" point-size="10"><b>cell10</b></font></td><td id="cell0"><font color="red" face="Arial" point-size="10"><b>cell11</b></font></td><td id="cell1"><font color="red" face="Arial" point-size="10"><b>cell12</b></font></td><vr/><td id="img-cell"><img scale="FALSE" src="image.png"/></td></tr><hr/></table>
