<font></font><b>bold</b><b>bold</b><i>italic</i><i>italic</i><u>underline</u><u>underline</u><o>overline</o><o>overline</o><sub>subscript</sub><sub>subscript</sub><sup>superscript</sup><sup>superscript</sup><s>strikethrough</s><s>strikethrough</s>texttext<br align="LEFT"/><br/><br align="CENTER"/>line of text<br/>right-justified line of text<br align="RIGHT"/><font>font 1</font><font color="red" face="arial" point-size="10">font 2</font><font>styled text 1</font><font color="red" face="arial" point-size="10"><b>styled text 2</b></font><b>bold text</b>normal text<font color="red" face="arial" point-size="10"><b>styled text 1<br align="CENTER"/></b></font><font color="red" face="arial" point-size="10"><b>styled text 2<br align="LEFT"/></b></font><font color="red" face="arial" point-size="10">font<br align="LEFT"/></font><b>bold text 1<br align="RIGHT"/></b><img scale="FALSE" src="image.png"/><img scale="TRUE" src="image.png"/><table><tr><td>cell</td></tr></table><hr/><hr attr="5"/><vr/><vr attr="5"/><custom-html></custom-html><custom-element>content</custom-element><custom-void-element attr="5"/><!--comment-->
