digraph { node1, "cluster cluster1", cluster -> { node2 node3 } node1, "cluster cluster1", cluster -> { node2 node3 } node1, "cluster cluster1", cluster -> { node2 node3 } }
