{
  "clusterrank": "VisualizationMode",
  "color": "Color",
  "compound": "AllowEdgeClipping",
  "fillcolor": "FillColor",
  "pencolor": "BorderColor",
  "penwidth": "BorderWidth"
}
