digraph
{
    edge [ arrowhead = box, arrowtail = crow ]

    a -> b -> c [ headport = port, tailport = port ]
}
