<font color="cadetblue" face="Arial" point-size="10"><table></table><i><table></table></i></font>
