<font face="Arial"><font color="cadetblue" point-size="10"><b>text</b></font><font color="red" point-size="12"><i>text</i></font></font>
