<font color="blue" face="Arial" point-size="20"><b><table><tr><td>text</td></tr></table></b></font>
