<font color="cadetblue" face="Arial" point-size="10"><b>text<i>text</i></b></font>
