<font color="cadetblue" face="Arial" point-size="10"><b>text</b></font><font color="red" face="Arial" point-size="12"><i>text</i></font>
