<font color="cadetblue" face="Arial" point-size="10">text<i>text</i></font>
