<b><i><u><o><sub><sup>text</sup></sub></o></u></i></b>
