<font face="Arial"><font color="cadetblue" point-size="10"><b><table></table></b></font><font color="red" point-size="12"><i><table></table></i></font></font>
