<font color="blue" face="Arial" point-size="20"><b>text</b></font>
