digraph
{
    bgcolor = "gold:darkmagenta"
    gradientangle = 10
    style = ""

    bgcolor = "gold:darkmagenta"
    gradientangle = 20
    style = striped

    bgcolor = "chartreuse:plum"
    gradientangle = 30
}
