digraph
{
    bgcolor = "gold:darkmagenta"
    gradientangle = 10
    style = radial

    bgcolor = "gold:darkmagenta"
    gradientangle = 20
    style = radial

    bgcolor = "chartreuse:plum"
    gradientangle = 30
    style = radial
}
