<table bgcolor="red:blue" id="id" sides="LR" style="RADIAL, ROUNDED"></table>
