<element attribute="Escape string value &quot; \\ \n \n \n &lt; &gt; { } | &lt; &gt; &quot; &#39; &amp; &#160;"/>
