<element attribute="String value &quot; \ 
 
 
 &lt; &gt; { } | &lt; &gt; &quot; &#39; &amp; &#160;"/>
